// Jest Snapshot v1, https://goo.gl/fbAQLP

exports[`Container Component should match the snapshot 1`] = `[Function]`;

exports[`Container Component should match the snapshot with sx styles 1`] = `[Function]`;
