// Jest Snapshot v1, https://goo.gl/fbAQLP

exports[`Accordion Component should render correctly 1`] = `[Function]`;

exports[`AccordionSummary Component should render correctly 1`] = `[Function]`;
