// Jest Snapshot v1, https://goo.gl/fbAQLP

exports[`Avatar Component should match the snapshot with  props 1`] = `[Function]`;
