// Jest Snapshot v1, https://goo.gl/fbAQLP

exports[`Badge should render correctly 1`] = `[Function]`;

exports[`Badge should render correctly with inner component 1`] = `[Function]`;
