// Jest Snapshot v1, https://goo.gl/fbAQLP

exports[`Button should render correctly 1`] = `[Function]`;

exports[`Button should render correctly with inner component 1`] = `[Function]`;
