// Jest Snapshot v1, https://goo.gl/fbAQLP

exports[`CheckBox Component should render checkbox correctly 1`] = `[Function]`;
