// Jest Snapshot v1, https://goo.gl/fbAQLP

exports[`Grid component should render correctly 1`] = `[Function]`;
