// Jest Snapshot v1, https://goo.gl/fbAQLP

exports[`QuantityStepper Component should render correctly 1`] = `[Function]`;
