// Jest Snapshot v1, https://goo.gl/fbAQLP

exports[`Radio Component should render correctly 1`] = `[Function]`;
