// Jest Snapshot v1, https://goo.gl/fbAQLP

exports[`Switch Component should match the snapshot with default props 1`] = `[Function]`;
